I'm sorry, but errors were detected in your script. Please correct the
errors listed below, and try again.


File "game/script.rpy", line 25: expected 'comma or end of line' not found.
    with dissolve
    ^

Ren'Py Version: Ren'Py 8.3.7.25031702
Wed Apr 30 03:10:24 2025
